'<' not supported between instances of 'NoneType' and 'NoneType'
'<' not supported between instances of 'NoneType' and 'NoneType'
'<' not supported between instances of 'NoneType' and 'NoneType'
'<' not supported between instances of 'NoneType' and 'NoneType'
'<' not supported between instances of 'NoneType' and 'NoneType'
'<' not supported between instances of 'NoneType' and 'NoneType'
'int' object is not callable
'int' object is not callable
'int' object is not callable
'int' object is not callable
'int' object is not callable
'int' object is not callable
'int' object is not callable
